// Jest Snapshot v1, https://goo.gl/fbAQLP

exports[`Should render the Header correctly 1`] = `
<div>
  <button>
    Log In!
  </button>
</div>
`;
